// Jest Snapshot v1, https://goo.gl/fbAQLP

exports[`Steps to get the text Should return a response similar to snapshot 1`] = `"السبت 28 شوّال 1441هـ الموافق لـ 20 يونيو 2020"`;
