// Jest Snapshot v1, https://goo.gl/fbAQLP

exports[`Steps to get the text Should get the node from the config 1`] = `"الجمعة 27 شوّال 1441هـ الموافق لـ 19 يونيو 2020"`;
